[    0.0000] Itialing roupubsys uset
   0.0000] Itialing cgrp suys cpu
[  0.000000] Intilizing roup bsys pucct
[    00000 Lnux rson 4.0-1-gneri(buid@cy01-amd64013)gc version 5.40 20069 (Uun 5.4.0-bunt~1.0.9) #143Ubntu P MoAp 2 16:0824UTC 218(Ubutu4.4.0-119.3-generi4.4.114)
[   .000000]Command ine: BOO_IMA=/bot/linu4.4.11-gnec rootABEL=clodig-rootfsro cnsole=ty1 nsole=tt0
[  0.0000] KERELsupprt cpu
[   .0000]  te GenneIntel[    00000] AMD thnnticA
[   .00000]   Ceau CentaHaul
[   0.0000] 6/pu: stteffset[2]:  57, xstesize[2:  256
[   0.0000 x86pu: SuprtinXSAV fate 0x1:'x87 fatin pint egsters'
[  0.0000] 6/fp Suprtin XAVE fetue 0x2:'SSE egsters'
[  0.0000] x8fpu:upportg XSAVE ature 04: VX risters'
[  0.00000 x86/f: Enled xste ftures x7 conex sizis 8 byt, usin 'tandard'format.
[   0.0000] 6/fpu:singlazy' U coext swithes.
[    .00000e820: OS-povded phsialAM map:[    000000]BIS-e820 [em 00000000000000x00000009fb] usle
   0.0000]BIS-e8: [m 0x00000009fc00x00000000ffff rserved
[   .00000] IOS-82: [m 0x0000000f000-0000000000fff] esrved
[    0.0000 BIOS-20: me 0x00000000000-000000000feffff] sable
[    0.000000] BIOS-e20: [em0x0000003f0000x0000003ffff ACP dta
   0.0000] BS-e80:[mem 0000000ec000-0x000000c00ff]reseed
   0.0000] IO-e820:mem 0000000ee000-0x0000fee00fff]reerve
[    000000]BIS-e8: [mem 0000000fffc00-0x000000fffffff] serv
[    00000] NX (Execute Disable) protectio: active
   0.000000SMBI 2.5 preset.
[    0.00000]Hypervso detctd: K
[   .00000] Kernelser ge tableisolatio: disaed
[    0000000e820last_p = 0fff0ma_arch_pn  0x400000000[   0.0000 MTR: isabd
[    000000] x86AT: TRs dibled, skiping T inializaon t.
[   .0000] CPUTRRsll bnk -irtualize sstem.
    0.0000]x8/PAT: nfigurion -7]:B  W UC-C  WB T  UC- UC 
    0.0000found SMP P-table at[mem 0x0009fff0-0009fff]mapp at [ff88000009ff0]
[    0.0000] Scnnng 1ress f lowemry cruptio
[    0.00000] MDISK:mem 36aae000-0x354ef]
[   0.0000 ACPI:arlyable chesum veriicatio dsabed
[    0.0000] CP: RSDPx000000000000 0024 (2 VB  )
[   .00000 ACP: SDT 0000003FFF30 000C (v1 VBOX   VXXSD000000 ASL00000061)
[    0000000 API: FAP x0000003FFF00F 000F4(v04BOX VBOXFAP 00001 AS  00001)
   0.0000] API DSDT 0x000003FFF00 0021 (v0VBOX VBOIOS 000002 INT201610)
[   .00000 ACP FAC0x000000FF0200 0040
[   .0000] AI: FCS0x0000003F020000040[    000000]CPI:PIC 0x0000003FF240 005C (02VBOX   VXAPI00000001SL  000061)[    0.000000]CPI:SDT 0x00003FFF02A 001CC(v1 VB   VXCPUT 0000 INTL 206010)
[   .00000] o NU coniguration found[   .000000]Faki a ne atmem 0x0000000000000-0000003ffeff][   .0000] NOD_DTA(0allocad [mem 03ffeb000-x3feff]
[  0.0000] kvmlockUsinmsrsb5641 an4b5600
   0.00000 kvmlockcpu , sr 0:3ff3001primarcpu clock
[   .000000 km-clok:usin shed offetof 38257345 ccls
[   .0000] clocksoure: kvm-cock: sk: xfffffffffff maxyces: 1cd42e4dff, maidles: 8150591483ns
[   .00000 Zon rgges:[    00000   DA     [m 0x000000001000x000000fffff]
[    0.000000] DMA    [m 0x0000010000-0x00000003ffeff]
[  0.00000]  Norl   emy
[  0.0000] Deve   pty
[   0.0000]ovab zonstarfor ch ne
[   .0000] Ely meor node anes
   0.0000]   noe  0: me 0x0000000001000-0x00000000efff
    0.0000] node  : [m 0x000000000000x0000003fffff
[   0000000] Itmem sup ne 0 [m 0x000000000000-0000000ffeff]
   0.0000] AI: PTimer IOPot: 0x48
[   .00000] OAC[]: ac_id2,versn 32, adres 0xfe0000, GS 023
   0.0000]CPI: I_SRCVR (bus 0bu_irq glol_irq dfl l)
   0.0000] AI: I_SRCVR (bu0 bus_irq  global_irq 9lo lve)
[   0.00000]sing API(MADT) fr MP cfigurati informaion
[   .000] smpboot Alowing CPUs, hotug CPUs[   .00000] PM Registeed nave memor: me0x00000000x0000ff]
[   .0000] PM: Regster nosave memory: em 0009f000x00ffff
    000000 PM: Risted nove memory: [me0x000000-0x000efff
[   .00000 PM:egisred nove mor: [m 0x0f0000x00ffff][    00000 e82 [me0x400000xfebfff] availble r PCI deics
[   .000000 Botinparavitulized kenel  KVM
   0.0000] closour: refid-jiies: mk: 0fffffff ma_cycles: 0ffffffff, ax_ie_ns: 4551002156 ns
[   .000000 stup_percu: NR_US:5 n__cpumask_bi:512r_cp_is:2 _nodids:1[    000000] PRCPU: bedded 34 ages/cpu @fff803fc000 9544 r892d315 u104876
[   0.000000]  qspinlok ha table etries: 256(ord: 0,096 tes)
[    0000] Buil1 zolist i Nodorde mobity roping on.  Total pages: 2792
[   .0000] Picy ne: A32
[   .00000 Kernel omma line:OOT_IMAG=/oot/linuz-.40-119-enric ro=LAB=cloudg-rootfso consletty1onsole=ty0
[    0000000PID sh tab entes: 40 (orr: 3, 328 byte
[   .000000] Mmory: 01640K/148120K avalabl(8532Kernel de, 31K rwat, 3996Kroata, 15K int,1316K s, 464K reseed,  cmaeserd)
[[  0.0000] SB: HWalin=64, Orer=0, Mibjecs=, CPUs, Nos=1[    000000] Hirarchical RCUimplemtation
    0000] 	Bui-timadjument o lea fant to 6
[   .0000] 	CUrestrictin CPUfromR_CPUS12 tnr_cpuid=2.
   0.00000] CU: Adjstng geotry r rcu_fanou_leaf=4, nr_u_id2
[   .00000 NR_IR:3304 r_irqs40 1
[   .00000 Console colurVGA+0x25[   .0000] console[ty1] enled
[   .00000 console [tty0] ebled
[    0.000000] tsc: Detected 1996.254 MHz processor
[    0.000000] tsc: Marking TSC unstable due to TSCs unsynchronized
[    0.012000] Calibrating delay loop (skipped) preset value.. 3992.50 BogoMIPS (lpj=7985016)
[    0.016013] pid_max: default: 32768 minimum: 301
[    0.020039] ACPI: Core revision 20150930
[    0.029673] ACPI: 2 ACPI AML tables successfully acquired and loaded
[    0.036564] Security Framework initialized
[    0.040013] Yama: becoming mindful.
[    0.044049] AppArmor: AppArmor initialized
[    0.048208] Dentry cache hash table entries: 131072 (order: 8, 1048576 bytes)
[    0.052381] Inode-cache hash table entries: 65536 (order: 7, 524288 bytes)
[    0.060130] Mount-cache hash table entries: 2048 (order: 2, 16384 bytes)
[    0.064044] Mountpoint-cache hash table entries: 2048 (order: 2, 16384 bytes)
[    0.068325] Initializing cgroup subsys io
[    0.072018] Initializing cgroup subsys memory
[    0.076028] Initializing cgroup subsys devices
[    0.080021] Initializing cgroup subsys freezer
[    0.084034] Initializing cgroup subsys net_cls
[    0.088013] Initializing cgroup subsys perf_event
[    0.092032] Initializing cgroup subsys net_prio
[    0.096029] Initializing cgroup subsys hugetlb
[    0.100028] Initializing cgroup subsys pids
[    0.104239] FEATURE SPEC_CTRL Not Present
[    0.108021] FEATURE IBPB Not Present
[    0.112016] Disabling indirect branch predictor support
[    0.120011] CPU: Physical Processor ID: 0
[    0.124013] CPU: Processor Core ID: 0
[    0.135987] mce: CPU supports 0 MCE banks
[    0.136053] Last level iTLB entries: 4KB 512, 2MB 8, 4MB 4
[    0.140015] Last level dTLB entries: 4KB 512, 2MB 256, 4MB 128, 1GB 0
[    0.144018] Spectre V2 mitigation: LFENCE not serializing. Switching to generic retpoline
[    0.148018] Spectre V2 mitigation: Mitigation: Full generic retpoline
[    0.152016] Spectre V2 mitigation: Speculation control IBPB not-supported IBRS not-supported
[    0.156012] Spectre V2 mitigation: Filling RSB on context switch
[    0.163435] Freeing SMP alternatives memory: 32K
[    0.182046] ftrace: allocating 32195 entries in 126 pages
[    0.212185] smpboot: APIC(0) Converting physical 0 to logical package 0
[    0.216025] smpboot: Max logical packages: 1
[    0.220612] x2apic enabled
[    0.224021] Switched APIC routing to physical x2apic.
[    0.232956] ..TIMER: vector=0x30 apic1=0 pin1=2 apic2=-1 pin2=-1
[    0.240000] smpboot: CPU0: AMD A8-6410 APU with AMD Radeon R5 Graphics (family: 0x16, model: 0x30, stepping: 0x1)
[    0.252024] Performance Events: Broken PMU hardware detected, using software events only.
[    0.260020] Failed to access perfctr msr (MSR c0010007 is 0)
[    0.264108] KVM setup paravirtual spinlock
[    0.269421] x86: Booting SMP configuration:
[    0.272013] .... node  #0, CPUs:      #1
[    0.012000] kvm-clock: cpu 1, msr 0:3ffe3041, secondary cpu clock
[    0.012000] mce: CPU supports 0 MCE banks
[    0.640135] x86: Booted up 1 node, 2 CPUs
[    0.644010] smpboot: Total of 2 processors activated (7985.01 BogoMIPS)
[    0.648529] devtmpfs: initialized
[    0.656000] evm: security.selinux
[    0.656016] evm: security.SMACK64
[    0.660015] evm: security.SMACK64EXEC
[    0.664012] evm: security.SMACK64TRANSMUTE
[    0.668013] evm: security.SMACK64MMAP
[    0.672007] evm: security.ima
[    0.676006] evm: security.capability
[    0.681049] clocksource: jiffies: mask: 0xffffffff max_cycles: 0xffffffff, max_idle_ns: 7645041785100000 ns
[    0.972051] futex hash table entries: 512 (order: 3, 32768 bytes)
[    1.176187] pinctrl core: initialized pinctrl subsystem
[    1.308284] RTC time:  8:47:54, date: 04/07/18
[    1.432510] NET: Registered protocol family 16
[    1.580022] cpuidle: using governor ladder
[    1.732013] cpuidle: using governor menu
[    1.736028] PCCT header not found.
[    1.740533] ACPI: bus type PCI registered
[    1.744016] acpiphp: ACPI Hot Plug PCI Controller Driver version: 0.5
[    1.748228] PCI: Using configuration type 1 for base access
[    1.752014] PCI: Using configuration type 1 for extended access
[    1.768289] ACPI: Added _OSI(Module Device)
[    1.772037] ACPI: Added _OSI(Processor Device)
[    1.776015] ACPI: Added _OSI(3.0 _SCP Extensions)
[    1.780006] ACPI: Added _OSI(Processor Aggregator Device)
[    1.785145] ACPI: Executed 1 blocks of module-level executable AML code
[    1.796468] ACPI: Interpreter enabled
[    1.800046] ACPI: (supports S0 S5)
[    1.804010] ACPI: Using IOAPIC for interrupt routing
[    1.808484] PCI: Using host bridge windows from ACPI; if necessary, use "pci=nocrs" and report a bug
[    1.819930] ACPI: PCI Root Bridge [PCI0] (domain 0000 [bus 00-ff])
[    1.820036] acpi PNP0A03:00: _OSC: OS supports [ExtendedConfig ASPM ClockPM Segments MSI]
[    1.824142] acpi PNP0A03:00: _OSC: OS now controls [PCIeHotplug PME AER PCIeCapability]
[    1.832284] PCI host bridge to bus 0000:00
[    1.836014] pci_bus 0000:00: root bus resource [io  0x0000-0x0cf7 window]
[    1.840023] pci_bus 0000:00: root bus resource [io  0x0d00-0xffff window]
[    1.844024] pci_bus 0000:00: root bus resource [mem 0x000a0000-0x000bffff window]
[    1.848022] pci_bus 0000:00: root bus resource [mem 0x40000000-0xfdffffff window]
[    1.852025] pci_bus 0000:00: root bus resource [bus 00-ff]
[    1.858463] pci 0000:00:01.1: legacy IDE quirk: reg 0x10: [io  0x01f0-0x01f7]
[    1.860020] pci 0000:00:01.1: legacy IDE quirk: reg 0x14: [io  0x03f6]
[    1.864018] pci 0000:00:01.1: legacy IDE quirk: reg 0x18: [io  0x0170-0x0177]
[    1.868020] pci 0000:00:01.1: legacy IDE quirk: reg 0x1c: [io  0x0376]
[    1.925520] pci 0000:00:07.0: quirk: [io  0x4000-0x403f] claimed by PIIX4 ACPI
[    1.928045] pci 0000:00:07.0: quirk: [io  0x4100-0x410f] claimed by PIIX4 SMB
[    1.966256] ACPI: PCI Interrupt Link [LNKA] (IRQs 5 9 10 *11)
[    1.981242] ACPI: PCI Interrupt Link [LNKB] (IRQs 5 9 *10 11)
[    1.996895] ACPI: PCI Interrupt Link [LNKC] (IRQs 5 *9 10 11)
[    2.010194] ACPI: PCI Interrupt Link [LNKD] (IRQs 5 9 10 *11)
[    2.028785] ACPI: Enabled 2 GPEs in block 00 to 07
[    2.032462] vgaarb: setting as boot device: PCI:0000:00:02.0
[    2.036000] vgaarb: device added: PCI:0000:00:02.0,decodes=io+mem,owns=io+mem,locks=none
[    2.036020] vgaarb: loaded
[    2.040016] vgaarb: bridge control possible 0000:00:02.0
[    2.044566] SCSI subsystem initialized
[    2.048155] ACPI: bus type USB registered
[    2.052075] usbcore: registered new interface driver usbfs
[    2.056054] usbcore: registered new interface driver hub
[    2.060097] usbcore: registered new device driver usb
[    2.064304] PCI: Using ACPI for IRQ routing
[    2.068629] NetLabel: Initializing
[    2.072014] NetLabel:  domain hash size = 128
[    2.076013] NetLabel:  protocols = UNLABELED CIPSOv4
[    2.080057] NetLabel:  unlabeled traffic allowed by default
[    2.084148] amd_nb: Cannot enumerate AMD northbridges
[    2.088102] clocksource: Switched to clocksource kvm-clock
[   .26642Aprm: pAorilysm abd[   .947 pp: P API iit[  3026]npPnAC: un3 vis
[  49782] locksour: pim:as 0ffff m_cle 0ffff maxdlns207024ns
  5.82] T:egted otolamy 

[    .0433]CPstlishd shab eri: 92orr:, 53bys)[  76779]CP bndha tlentes81 (de 51372yt)  8.55] TCP Hh abs nfurd (eabsh 82 nd192)
  9.63] P sh tblenie 5 (de 2164 te
  9.48] P-teas tab eris:12orr:, 634 te
  0.42] T:egted rotoolamy 
[ 11148]ci0000000:imindictCICIranser
[ 12011]ci0000001. AivinISDMha wkauns
[   13.31886Unckg itmf..
[   16.763604] Freeing initrd memory: 10884K
[   16.878906] clocksource: tsc: mask: 0xffffffffffffffff max_cycles: 0x398cb6bed17, max_idle_ns: 881590510434 ns
[   16.885055] platform rtc_cmos: registered platform RTC device (no PNP device found)
[   16.885104] Scanning for low memory corruption every 60 seconds
[   16.885675] audit: initializing netlink subsys (disabled)
[   16.885702] audit: type=2000 audit(1523090843.608:1): initialized
[   16.886113] Initialise system trusted keyring
[   16.886281] HugeTLB registered 2 MB page size, pre-allocated 0 pages
[   16.890093] zbud: loaded
[   16.890691] VFS: Disk quotas dquot_6.6.0
[   16.890747] VFS: Dquot-cache hash table entries: 512 (order 0, 4096 bytes)
[   16.891194] squashfs: version 4.0 (2009/01/31) Phillip Lougher
[   16.891600] fuse init (API version 7.23)
[   16.891818] Key type big_key registered
[   16.891842] Allocating IMA MOK and blacklist keyrings.
[   16.892523] Key type asymmetric registered
[   16.892533] Asymmetric key parser 'x509' registered
[   16.892597] Block layer SCSI generic (bsg) driver version 0.4 loaded (major 249)
[   16.892650] io scheduler noop registered
[   16.892653] io scheduler deadline registered (default)
[   16.892714] io scheduler cfq registered
[   16.892887] pci_hotplug: PCI Hot Plug PCI Core version: 0.5
[   16.892897] pciehp: PCI Express Hot Plug Controller Driver version: 0.4
[   16.893109] ACPI: AC Adapter [AC] (on-line)
[   16.893202] input: Power Button as /devices/LNXSYSTM:00/LNXPWRBN:00/input/input0
[   16.893207] ACPI: Power Button [PWRF]
[   16.893304] input: Sleep Button as /devices/LNXSYSTM:00/LNXSLPBN:00/input/input1
[   16.893307] ACPI: Sleep Button [SLPF]
[   16.893546] GHES: HEST is not enabled!
[   16.893696] Serial: 8250/16550 driver, 32 ports, IRQ sharing enabled
[   17.318032] 00:02: ttyS0 at I/O 0x3f8 (irq = 4, base_baud = 115200) is a 16550A
[   17.629392] Linux agpgart interface v0.103
[   17.700831] loop: module loaded
[   17.702014] scsi host0: ata_piix
[   17.702160] scsi host1: ata_piix
[   17.702247] ata1: PATA max UDMA/33 cmd 0x1f0 ctl 0x3f6 bmdma 0xd000 irq 14
[   17.702249] ata2: PATA max UDMA/33 cmd 0x170 ctl 0x376 bmdma 0xd008 irq 15
[   17.702406] libphy: Fixed MDIO Bus: probed
[   17.702410] tun: Universal TUN/TAP device driver, 1.6
[   17.702411] tun: (C) 1999-2004 Max Krasnyansky <maxk@qualcomm.com>
[   17.702578] PPP generic driver version 2.4.2
[   17.702717] ehci_hcd: USB 2.0 'Enhanced' Host Controller (EHCI) Driver
[   17.702727] ehci-pci: EHCI PCI platform driver
[   17.702761] ehci-platform: EHCI generic platform driver
[   17.702781] ohci_hcd: USB 1.1 'Open' Host Controller (OHCI) Driver
[   17.702788] ohci-pci: OHCI PCI platform driver
[   17.702805] ohci-platform: OHCI generic platform driver
[   17.702820] uhci_hcd: USB Universal Host Controller Interface driver
[   17.702978] i8042: PNP: PS/2 Controller [PNP0303:PS2K,PNP0f03:PS2M] at 0x60,0x64 irq 1,12
[   17.703813] serio: i8042 KBD port at 0x60,0x64 irq 1
[   17.703824] serio: i8042 AUX port at 0x60,0x64 irq 12
[   17.704133] mousedev: PS/2 mouse device common for all mice
[   17.704828] input: AT Translated Set 2 keyboard as /devices/platform/i8042/serio0/input/input2
[   17.705467] rtc_cmos rtc_cmos: rtc core: registered rtc_cmos as rtc0
[   17.705580] rtc_cmos rtc_cmos: alarms up to one day, 114 bytes nvram
[   17.705595] i2c /dev entries driver
[   17.705731] device-mapper: uevent: version 1.0.3
[   17.705853] device-mapper: ioctl: 4.34.0-ioctl (2015-10-28) initialised: dm-devel@redhat.com
[   17.705887] ledtrig-cpu: registered to indicate activity on CPUs
[   17.706534] NET: Registered protocol family 10
[   17.706890] NET: Registered protocol family 17
[   17.706912] Key type dns_resolver registered
[   17.707513] registered taskstats version 1
[   17.707538] Loading compiled-in X.509 certificates
[   17.709220] Loaded X.509 cert 'Build time autogenerated kernel key: f854e06633b5f496ced5b2e02c7b14f761b69302'
[   17.709268] zswap: loaded using pool lzo/zbud
[   17.710685] ACPI: Battery Slot [BAT0] (battery present)
[   17.715426] Key type trusted registered
[   17.723476] Key type encrypted registered
[   17.723491] AppArmor: AppArmor sha1 policy hashing enabled
[   17.723508] ima: No TPM chip found, activating TPM-bypass!
[   17.723572] evm: HMAC attrs: 0x1
[   17.724194]   Magic number: 14:594:775
[   17.724208] misc psaux: hash matches
[   17.724250] misc fuse: hash matches
[   17.733095] rtc_cmos rtc_cmos: setting system clock to 2018-04-07 08:48:17 UTC (1523090897)
[   17.733402] BIOS EDD facility v0.16 2004-Jun-25, 0 devices found
[   17.733403] EDD information not available.
[   26.872614] Freeing unused kernel memory: 1508K
[   26.947383] Write protecting the kernel read-only data: 14336k
[   27.062272] Freeing unused kernel memory: 1696K
[   27.186126] Freeing unused kernel memory: 100K
Loading, please wait...
starting version[   27.352705] random: systemd-udevd: uninitialized urandom read (16 bytes read, 4 bits of entropy available)
 229
[   27.354608] random: udevadm: uninitialized urandom read (16 bytes read, 4 bits of entropy available)
[   27.354745] random: udevadm: uninitialized urandom read (16 bytes read, 4 bits of entropy available)
[   27.380439] random: udevadm: uninitialized urandom read (16 bytes read, 4 bits of entropy available)
[   27.380556] random: udevadm: uninitialized urandom read (16 bytes read, 4 bits of entropy available)
[   27.380859] random: udevadm: uninitialized urandom read (16 bytes read, 4 bits of entropy available)
[   27.380974] random: udevadm: uninitialized urandom read (16 bytes read, 4 bits of entropy available)
[   27.381089] random: udevadm: uninitialized urandom read (16 bytes read, 4 bits of entropy available)
[   27.381205] random: udevadm: uninitialized urandom read (16 bytes read, 4 bits of entropy available)
[   27.381318] random: udevadm: uninitialized urandom read (16 bytes read, 4 bits of entropy available)
[   30.035167] e1000: Intel(R) PRO/1000 Network Driver - version 7.3.21-k8-NAPI
[   30.244371] e1000: Copyright (c) 1999-2006 Intel Corporation.
[   30.244627] Fusion MPT base driver 3.04.20
[   30.244628] Copyright (c) 1999-2008 LSI Corporation
[   30.619300] AVX version of gcm_enc/dec engaged.
[   30.648299] AES CTR mode by8 optimization enabled
[   30.693096] Fusion MPT SPI Host driver 3.04.20
[   30.795125] input: ImExPS/2 Generic Explorer Mouse as /devices/platform/i8042/serio1/input/input4
[   31.037418] e1000 0000:00:03.0 eth0: (PCI:33MHz:32-bit) 02:1b:e7:ca:c1:c0
[   31.230037] e1000 0000:00:03.0 eth0: Intel(R) PRO/1000 Network Connection
[   31.399331] mptbase: ioc0: Initiating bringup
[   31.608839] ioc0: LSI53C1030 A0: Capabilities={Initiator}
[   31.893904] scsi host2: ioc0: LSI53C1030 A0, FwRev=00000000h, Ports=1, MaxQ=256, IRQ=20
[   33.609112] floppy0: no floppy controllers found
[   33.609185] work still pending
[   34.597222] scsi 2:0:0:0: Direct-Access     VBOX     HARDDISK         1.0  PQ: 0 ANSI: 5
[   34.842418] scsi target2:0:0: Beginning Domain Validation
[   35.006360] scsi target2:0:0: Domain Validation skipping write tests
[   35.165020] scsi target2:0:0: Ending Domain Validation
[   35.184542] e1000 0000:00:08.0 eth1: (PCI:33MHz:32-bit) 08:00:27:19:a7:c5
[   35.184552] e1000 0000:00:08.0 eth1: Intel(R) PRO/1000 Network Connection
[   35.450567] e1000 0000:00:03.0 enp0s3: renamed from eth0
[   35.796907] scsi target2:0:0: asynchronous
[   35.916679] scsi 2:0:1:0: Direct-Access     VBOX     HARDDISK         1.0  PQ: 0 ANSI: 5
[   36.300049] scsi target2:0:1: Beginning Domain Validation
[   36.300787] e1000 0000:00:08.0 enp0s8: renamed from eth1
[   36.526507] scsi target2:0:1: Domain Validation skipping write tests
[   36.604334] scsi target2:0:1: Ending Domain Validation
[   36.707509] scsi target2:0:1: asynchronous
[   37.651825] sd 2:0:0:0: Attached scsi generic sg0 type 0
[   37.662451] sd 2:0:0:0: [sda] 20971520 512-byte logical blocks: (10.7 GB/10.0 GiB)
[   37.662815] sd 2:0:0:0: [sda] Write Protect is off
[   37.663004] sd 2:0:0:0: [sda] Incomplete mode parameter data
[   37.663007] sd 2:0:0:0: [sda] Assuming drive cache: write through
[   37.691371]  sda: sda1
[   37.692816] sd 2:0:0:0: [sda] Attached SCSI disk
[   38.144568] sd 2:0:1:0: [sdb] 20480 512-byte logical blocks: (10.5 MB/10.0 MiB)
[   38.363003] sd 2:0:1:0: Attached scsi generic sg1 type 0
[   38.363491] sd 2:0:1:0: [sdb] Write Protect is off
[   38.363637] sd 2:0:1:0: [sdb] Incomplete mode parameter data
[   38.363639] sd 2:0:1:0: [sdb] Assuming drive cache: write through
[   38.521075] sd 2:0:1:0: [sdb] Attached SCSI disk
Begin: Loading e[   40.757444] md: linear personality registered for level -1
ssential drivers[   40.922474] md: multipath personality registered for level -4
 ... [   41.108608] md: raid0 personality registered for level 0
[   41.182119] md: raid1 personality registered for level 1
[   41.332126] raid6: sse2x1   gen()   435 MB/s
[   41.511219] raid6: sse2x1   xor()  1739 MB/s
[   41.692095] raid6: sse2x2   gen()   930 MB/s
[   41.856071] raid6: sse2x2   xor()  1923 MB/s
[   42.048090] raid6: sse2x4   gen()  2051 MB/s
[   42.240141] raid6: sse2x4   xor()  1561 MB/s
[   42.319606] raid6: using algorithm sse2x4 gen() 2051 MB/s
[   42.422120] raid6: .... xor() 1561 MB/s, rmw enabled
[   42.557524] raid6: using ssse3x2 recovery algorithm
[   42.700855] xor: automatically using best checksumming function:
[   42.940022]    avx       :  7853.000 MB/sec
[   43.074589] async_tx: api initialized (async)
[   43.219347] md: raid6 personality registered for level 6
[   43.366272] md: raid5 personality registered for level 5
[   43.503485] md: raid4 personality registered for level 4
[   43.664492] md: raid10 personality registered for level 10
done.
Begin: Running /scripts/init-premount ... done.
Begin: Mounting root file syste[   43.825222] Btrfs loaded
m ... Begin: Running /scripts/local-top ... done.
Begin: Running /scripts/local-premount ... Scanning for Btrfs filesystems
done.
Warning: fsck no[   43.967787] EXT4-fs (sda1): INFO: recovery required on readonly filesystem
t present, so sk[   44.031738] EXT4-fs (sda1): write access will be enabled during recovery
ipping root file system
[   44.378916] EXT4-fs (sda1): orphan cleanup on readonly fs
[   44.556406] EXT4-fs (sda1): 5 orphan inodes deleted
[   44.666312] EXT4-fs (sda1): recovery complete
[   44.827075] EXT4-fs (sda1): mounted filesystem with ordered data mode. Opts: (null)
done.
Begin: Running /scripts/local-bottom ... done.
Begin: Running /scripts/init-bottom ... done.
[   45.473063] random: nonblocking pool is initialized
[   47.011683] systemd[1]: systemd 229 running in system mode. (+PAM +AUDIT +SELINUX +IMA +APPARMOR +SMACK +SYSVINIT +UTMP +LIBCRYPTSETUP +GCRYPT +GNUTLS +ACL +XZ -LZ4 +SECCOMP +BLKID +ELFUTILS +KMOD -IDN)
[   47.477140] systemd[1]: Detected virtualization oracle.
[   47.632615] systemd[1]: Detected architecture x86-64.

Welcome to [1mUbuntu 16.04.4 LTS[0m!

[ 487065] syem[1]: S htnme t<ry-grt>

[   50.401066] systemd[1]: Listening on Device-mapper event daemon FIFOs.
[[0;32m  OK  [0m] Listening on Device-mapper event daemon FIFOs.
[   50.572653] systemd[1]: Listening on Syslog Socket.
[[0;32m  OK  [0m] Listening on Syslog Socket.
[   50.747832] systemd[1]: Reached target System Time Synchronized.
[[0;32m  OK  [0m] Reached target System Time Synchronized.
[   50.949165] systemd[1]: Listening on /dev/initctl Compatibility Named Pipe.
[[0;32m  OK  [0m] Listening on /dev/initctl Compatibility Named Pipe.
[   51.268904] systemd[1]: Reached target Encrypted Volumess
[[0;32m  OK  [0m] Reached target Encrypted Volumes.
[   51.477042] systemd[1]: Listening on Journal Socket.
[[0;32m  OK  [0m] Listening on Journal Socket.
[   51.725731] systemd[1]: Created slice System Slice.
[[0;32m  OK  [0m] Created slice System Slice.
[   51.924802] systemd[1]: Starting Load Kernel Modules...
         Starting Load Kernel Modules...
[   52.121503] systemd[1]: Starting Remount Root and Kernel File Systems...
[   52.308725] Loading iSCSI transport class v2.0-870.
         Starting Remount Root and Kernel File Systems...
[   53.721838] iscsi: registered transport (tcp)
[   53.852894] systemd[1]: Starting Uncomplicated firewall...
         [   53.993421] EXT4-fs (sda1): re-mounted. Opts: (null)
Starting Uncomplicated firewall...
[   54.108598] systemd[1]: Mounting Debug File System...
[   54.123422] iscsi: registered transport (iser)
         Mounting Debug File System...
[   54.236526] systemd[1]: Mounting Huge Pages File System...
         Mounting Huge Pages File System...
[   54.360806] systemd[1]: Starting Create list of required static device nodes for the current kernel...
         Starting Create list of required st... nodes for the current kernel...
[   54.618314] systemd[1]: Set up automount Arbitrary Executable File Formats File System Automount Point.
[[0;32m  OK  [0m] Set up automount Arbitrary Executab...ats File System Automount Point.
[   55.041051] systemd[1]: Listening on LVM2 metadata daemon socket.
[[0;32m  OK  [0m] Listening on LVM2 metadata daemon socket.
[   55.300989] systemd[1]: Started Forward Password Requests to Wall Directory Watch.
[[0;32m  OK  [0m] Started Forward Password Requests to Wall Directory Watch.
[   55.612745] systemd[1]: Reached target Swap.
[[0;32m  OK  [0m] Reached target Swap.
[   55.793010] systemd[1]: Started Trigger resolvconf update for networkd DNS.
[[0;32m  OK  [0m] Started Trigger resolvconf update for networkd DNS.
[   56.136736] systemd[1]: Listening on udev Kernel Socket.
[[0;32m  OK  [0m] Listening on udev Kernel Socket.
[   56.360597] systemd[1]: Reached target User and Group Name Lookups.
[[0;32m  OK  [0m] Reached target User and Group Name Lookups.
[   56.544040] systemd[1]: Created slice User and Session Slice.
[[0;32m  OK  [0m] Created slice User and Session Slice.
[   56.645017] systemd[1]: Listening on udev Control Socket.
[[0;32m  OK  [0m] Listening on udev Control Socket.
[ 56741]ysmd]: Rch tge Slis.
[[0;32m  OK  [0m] Reached target Slices.
[   57.644908] systemd[1]: Starting Set console keymap...
         Starting Set console keymap...
[   57.832735] systemd[1]: Starting Monitoring of LVM2 mirrors, snapshots etc. using dmeventd or progress polling...
         Starting Monitoring of LVM2 mirrors... dmeventd or progress polling...
[   58.085060] systemd[1]: Created slice system-serial\x2dgetty.slice.
[[0;32m  OK  [0m] Created slice system-serial\x2dgetty.slice.
[   58.356876] systemd[1]: Starting Nameserver information manager...
         Starting Nameserver information manager...
[ 58442]ystemd[1]:isni oLV pl em scket.
[[0;32m  OK  [0m] Listening on LVM2 poll daemon socket.
[ 59897]ysmd]:istengn url ck (evog
[[0;32m  OK  [0m] Listening on Journal Socket (/dev/log).
[  63799syemd[: stinonoualud Ske
[[0;32m  OK  [0m] Listening on Journal Audit Socket.
[   61.292681] systemd[1]: Starting Journal Service...
         Starting Journal Service...
[   61.432477] systemd[1]: Mounting POSIX Message Queue File System...
         Mounting POSIX Message Queue File System...
[   61.595952] systemd[1]: Mounted POSIX Message Queue File System.
[[0;32m  OK  [0m] Mounted POSIX Message Queue File System.
[   61.796842] systemd[1]: Mounted Huge Pages File System.
[[0;32m  OK  [0m] Mounted Huge Pages File System.
[ 62015]ysem[1]: Munted buFi Systm.
[[0;32m  OK  [0m] Mounted Debug File System.
[   6221529] syste[1 Srt Jrnalerce

[[0;32m  OK  [0m] Started Journal Service.
[[0;32m  OK  [0m] Started Load Kernel Modules.
[[0;32m  OK  [0m] Started Remount Root and Kernel File Systems.
[[0;32m  OK  [0m] Started Uncomplicated firewall.
[[0;32m  OK  [0m] Started Create list of required sta...ce nodes for the current kernel.
[[0;32m  OK  [0m] Started Set console keymap.
[[0;32m  OK  [0m] Started Nameserver information manager.
[[0;32m  OK  [0m] Started LVM2 metadata daemon.
         Starting Create Static Device Nodes in /dev...
         Starting udev Coldplug all Devices...
         Starting Load/Save Random Seed...
         Starting Initial cloud-init job (pre-networking)...
         Mounting FUSE Control File System...
         Starting Apply Kernel Variables...
         Starting Flush Journal to Persistent Storage...
[[0;32m  OK  [0m] Mounted FUSE Control File System.
[[0;32m  OK  [0m] Started Create Static Device Nodes in /dev.
[[0;32m  OK  [0m] Started Load/Save Random Seed.
[[0;32m  OK  [0m] Started Apply Kernel Variables.
[[0;32m  OK  [0m] Started Monitoring of LVM2 mirrors,...ng dmeventd or progress polling.
[[0;32m  OK  [0m] Started udev Coldplug all Devices.
         Starting udev Kernel Device Manager...
[[0;32m  OK  [0m] Started Flush Journal to Persistent Storage.
[[0;32m  OK  [0m] Started udev Kernel Device Manager.
[[0;32m  OK  [0m] Started Dispatch Password Requests to Console Directory Watch.
[[0;32m  OK  [0m] Reached target Local File Systems (Pre).
[[0;32m  OK  [0m] Reached target Local File Systems.
         Starting Tell Plymouth To Write Out Runtime Data...
         Starting LSB: AppArmor initialization...
         Starting Create Volatile Files and Directories...
         Starting Set console font and keymap...
[[0;32m  OK  [0m] Started Tell Plymouth To Write Out Runtime Data.
[[0;32m  OK  [0m] Found device /dev/ttyS0.
[[0;32m  OK  [0m] Started Create Volatile Files and Directories.
         Starting Update UTMP about System Boot/Shutdown...
[[0;32m  OK  [0m] Found device 82540EM Gigabit Ethern...r (PRO/1000 MT Desktop Adapter).
[[0;32m  OK  [0m] Found device 82540EM Gigabit Ethern...r (PRO/1000 MT Desktop Adapter).
[[0;32m  OK  [0m] Started Update UTMP about System Boot/Shutdown.
[[0;32m  OK  [0m] Started LSB: AppArmor initialization.
[[0;32m  OK  [0m] Started Set console font and keymap.
[[0;32m  OK  [0m] Listening on Load/Save RF Kill Switch Status /dev/rfkill Watch.
[[0;32m  OK  [0m] Created slice system-getty.slice.
[   70.903627] cloud-init[448]: Cloud-init v. 17.2 running 'init-local' at Sat, 07 Apr 2018 08:49:09 +0000. Up 69.79 seconds.
[[0;32m  OK  [0m] Started Initial cloud-init job (pre-networking).
[[0;32m  OK  [0m] Reached target Network (Pre).
[[0;32m  OK  [0m] Started ifup for enp0s3.
         Starting Raise network interfaces...
[[0;32m  OK  [0m] Started ifup for enp0s8.
[[0;32m  OK  [0m] Started Raise network interfaces.
[[0;32m  OK  [0m] Reached target Network.
         Starting Initial cloud-init job (metadata service crawler)...
[   74.038152] cloud-init[1064]: Cloud-init v. 17.2 running 'init' at Sat, 07 Apr 2018 08:49:12 +0000. Up 72.59 seconds.
[   74.121084] cloud-init[1064]: ci-info: ++++++++++++++++++++++++++++++++++++++Net device info++++++++++++++++++++++++++++++++++++++
[[0;32m  OK  [0m] Started Initial cloud-init job (metadata service crawler).
[   74.205968] cloud-init[1064]: ci-info: +--------+------+-----------------------------+---------------+-------+-------------------+
[   74.401165] [cloud-init[0;32m  OK  [0m[1064]: ] ci-info: | Device |  Up  |           Address           |      Mask     | Scope |     Hw-Address    |Reached target System Initialization.

[   74.402428] cloud-init[1064]: ci-info: +--------+------+-----------------------------+---------------+-------+-------------------+
[   74.720829]          cloud-initStarting LXD - unix socket.[1064]: 
ci-info: | enp0s3 | True |          10.0.2.15          | 255.255.255.0 |   .   | 02:1b:e7:ca:c1:c0 |
[   74.929125] [cloud-init[0;32m  OK  [0m[1064]: ] ci-info: | enp0s3 | True |  fe80::1b:e7ff:feca:c1c0/64 |       .       |  link | 02:1b:e7:ca:c1:c0 |Started ACPI Events Check.

[[0;32m  OK  [0m] Reached target Paths.
[[0;32m  OK  [0m] Listening on UUID daemon activation socket.
[   74.930108] cloud-init[1064]: ci-info: | enp0s8 | True |         192.168.5.32        | 255.255.255.0 |   .   | 08:00:27:19:a7:c5 |
[   75.361296] [cloud-init[0;32m  OK  [0m[1064]: ] ci-info: | enp0s8 | True | fe80::a00:27ff:fe19:a7c5/64 |       .       |  link | 08:00:27:19:a7:c5 |Listening on ACPID Listen Socket.

[[0;32m  OK  [0m] Listening on D-Bus System Message Bus Socket.
[   75.362438] cloud-init[1064]: ci-info: |   lo   | True |          127.0.0.1          |   255.0.0.0   |   .   |         .         |
[   75.721162] [cloud-init[0;32m  OK  [0m[1064]: ] ci-info: |   lo   | True |           ::1/128           |       .       |  host |         .         |Started Daily apt download activities.

[[0;32m  OK  [0m] Started Daily Cleanup of Temporary Directories.
[[0;32m  OK  [0m] Started Daily apt upgrade and clean activities.
[   75.722351] cloud-init[1064]: ci-info: +--------+------+-----------------------------+---------------+-------+-------------------+
[   76.156225] [cloud-init[0;32m  OK  [0m[1064]: ] ci-info: +++++++++++++++++++++++++++Route IPv4 info++++++++++++++++++++++++++++Started Timer to automatically refresh installed snaps.

[[0;32m  OK  [0m] Reached target Timers.
[   76.157189] cloud-init[1064]: ci-info: +-------+-------------+----------+---------------+-----------+-------+
[   76.446596]          cloud-initStarting Socket activation for snappy daemon.[1064]: 
ci-info: | Route | Destination | Gateway  |    Genmask    | Interface | Flags |
[   76.644787] [cloud-init[0;32m  OK  [0m[1064]: ] ci-info: +-------+-------------+----------+---------------+-----------+-------+Reached target Network is Online.

[   76.816778]          cloud-initStarting iSCSI initiator daemon (iscsid)...[1064]: 
ci-info: |   0   |   0.0.0.0   | 10.0.2.2 |    0.0.0.0    |   enp0s3  |   UG  |
[   77.186113] [cloud-init[0;32m  OK  [0m[1064]: ] ci-info: |   1   |   10.0.2.0  | 0.0.0.0  | 255.255.255.0 |   enp0s3  |   U   |Reached target Cloud-config availability.

[   77.186958] cloud-init[1064]: ci-info: |   2   | 192.168.5.0 | 0.0.0.0  | 255.255.255.0 |   enp0s8  |   U   |
[   77.445572] [cloud-init[0;32m  OK  [0m[1064]: ] ci-info: +-------+-------------+----------+---------------+-----------+-------+Listening on LXD - unix socket.

[[0;32m  OK  [0m] Listening on Socket activation for snappy daemon.
[[0;32m  OK  [0m] Reached target Sockets.
[[0;32m  OK  [0m] Reached target Basic System.
         Starting Virtualbox guest utils...
[[0;32m  OK  [0m] Started D-Bus System Message Bus.
[[0;32m  OK  [0m] Started Unattended Upgrades Shutdown.
         Starting LSB: Record successful boot for GRUB...
         Starting LXD - container startup/shutdown...
         Starting OpenBSD Secure Shell server...
         Starting Login Service...
[[0;32m  OK  [0m] Started FUSE filesystem for LXC.
         Starting MySQL Community Server...
         Starting Snappy daemon...
         Starting LSB: MD monitoring daemon...
[[0;32m  OK  [0m] Started ACPI event daemon.
         Starting Apply the settings specified in cloud-config...
[[0;32m  OK  [0m] Started Regular background program processing daemon.
         Starting System Logging Service...
         Starting Accounts Service...
         Starting /etc/rc.local Compatibility...
         Starting Daily apt upgrade and clean activities...
[[0;32m  OK  [0m] Started Deferred execution scheduler.
[[0;32m  OK  [0m] Started OpenBSD Secure Shell server.
[[0;32m  OK  [0m] Started iSCSI initiator daemon (iscsid).
[[0;32m  OK  [0m] Started /etc/rc.local Compatibility.
[[0;32m  OK  [0m] Started System Logging Service.
         Starting Login to default iSCSI targets...
[[0;32m  OK  [0m] Started Login Service.
[[0;32m  OK  [0m] Started LSB: MD monitoring daemon.
[[0;32m  OK  [0m] Started LSB: Record successful boot for GRUB.
[[0;32m  OK  [0m] Started Login to default iSCSI targets.
[[0;32m  OK  [0m] Reached target Remote File Systems (Pre).
[[0;32m  OK  [0m] Reached target Remote File Systems.
         Starting LSB: automatic crash report generation...
         Starting LSB: daemon to balance interrupts for SMP systems...
         Starting LSB: Set the CPU Frequency Scaling governor to "ondemand"...
         Starting Permit User Sessions...
[[0;32m  OK  [0m] Started Virtualbox guest utils.
[[0;32m  OK  [0m] Started Permit User Sessions.
[   80.965361] cloud-init[1167]: Cloud-init v. 17.2 running 'modules:config' at Sat, 07 Apr 2018 08:49:19 +0000. Up 80.04 seconds.
         Starting Hold until boot process finishes up...
         Starting Terminate Plymouth Boot Screen...
[[0;32m  OK  [0m] Started Apply the settings specified in cloud-config.
[[0;32m  OK  [0m] Started LSB: automatic crash report generation.
[[0;32m  OK  [0m] Started LSB: daemon to balance interrupts for SMP systems.
[[0;32m  OK  [0m] Started LSB: Set the CPU Frequency Scaling governor to "ondemand".
[[0;32m  OK  [0m] Started Hold until boot process finishes up.
[[0;32m  OK  [0m] Started Terminate Plymouth Boot Screen.
[[0;32m  OK  [0m] Created slice User Slice of vagrant.
         Starting Authenticate and Authorize Users to Run Privileged Tasks...
[[0;32m  OK  [0m] Started Getty on tty1.
[[0;32m  OK  [0m] Started Serial Getty on ttyS0.
[[0;32m  OK  [0m] Reached target Login Prompts.
         Starting Set console scheme...
[[0;32m  OK  [0m] Started Set console scheme.
[[0;32m  OK  [0m] Started Authenticate and Authorize Users to Run Privileged Tasks.
[[0;32m  OK  [0m] Started Accounts Service.
[[0;32m  OK  [0m] Started Session 1 of user vagrant.
         Starting User Manager for UID 1000...
[[0;32m  OK  [0m] Started LXD - container startup/shutdown.
[[0;32m  OK  [0m] Started Snappy daemon.
[[0;32m  OK  [0m] Started User Manager for UID 1000.

Ubuntu 16.04.4 LTS ruby-vagrant ttyS0

ruby-vagrant login: [   91.728603] cloud-init[1561]: Cloud-init v. 17.2 running 'modules:final' at Sat, 07 Apr 2018 08:49:30 +0000. Up 91.16 seconds.
[   91.729657] cloud-init[1561]: Cloud-init v. 17.2 finished at Sat, 07 Apr 2018 08:49:31 +0000. Datasource DataSourceNoCloud [seed=/dev/sdb][dsmode=net].  Up 91.70 seconds
